// Jest Snapshot v1, https://goo.gl/fbAQLP

exports[`renders without crashing 1`] = `
<div
  className="App"
>
  <div
    className="App-header"
  >
    <img
      alt="logo"
      className="App-logo"
      src="logo.svg"
    />
    <h2>
      Welcome to React
    </h2>
  </div>
  <p
    className="App-intro"
  >
    To get started, edit 
    <code>
      src/App.jsx
    </code>
     and save to reload.
  </p>
  <button
    onClick={[Function]}
  >
    INC
  </button>
  1
  <button
    onClick={[Function]}
  >
    DEC
  </button>
</div>
`;
